DEBUG tests/list_algo_tests.c:120: ----- RUNNING: ./tests/list_algo_tests
DEBUG tests/list_algo_tests.c:113: 
----- test_bubble_sort
DEBUG tests/list_algo_tests.c:114: 
----- test_merge_sort
DEBUG tests/list_algo_tests.c:115: 
----- speed_test
DEBUG tests/list_tests.c:129: ----- RUNNING: ./tests/list_tests
DEBUG tests/list_tests.c:118: 
----- test_create
DEBUG tests/list_tests.c:119: 
----- test_push_pop
DEBUG tests/list_tests.c:120: 
----- test_unshift
DEBUG tests/list_tests.c:121: 
----- test_remove
DEBUG tests/list_tests.c:122: 
----- test_shift
DEBUG tests/list_tests.c:123: 
----- test_copy
DEBUG tests/list_tests.c:124: 
----- test_destroy
